# Serial commands

#Living Room Commands
HDMIMATRIX_ATV_LR = sw%20i01%20o01%0D%0A
HDMIMATRIX_PS4_LR = sw%20i02%20o01%0D%0A
HDMIMATRIX_XB1_LR = sw%20i03%20o01%0D%0A
HDMIMATRIX_XB360_LR = sw%20i04%20o01%0D%0A
HDMIMATRIX_SKY1_LR = sw%20i05%20o01%0D%0A
HDMIMATRIX_SKY2_LR = sw%20i06%20o01%0D%0A
HDMIMATRIX_KODI_LR = sw%20i07%20o01%0D%0A
HDMIMATRIX_WIIU_LR = sw%20i08%20o01%0D%0A

#Master Bedroom Room Commands
HDMIMATRIX_ATV_MB = sw%20i01%20o02%0D%0A
HDMIMATRIX_PS4_MB = sw%20i02%20o02%0D%0A
HDMIMATRIX_XB1_MB = sw%20i03%20o02%0D%0A
HDMIMATRIX_XB360_MB = sw%20i04%20o02%0D%0A
HDMIMATRIX_SKY1_MB = sw%20i05%20o02%0D%0A
HDMIMATRIX_SKY2_MB = sw%20i06%20o02%0D%0A
HDMIMATRIX_KODI_MB = sw%20i07%20o02%0D%0A
HDMIMATRIX_WIIU_MB = sw%20i08%20o02%0D%0A

#Charlottes Room Commands
HDMIMATRIX_ATV_CR = sw%20i01%20o03%0D%0A
HDMIMATRIX_PS4_CR = sw%20i02%20o03%0D%0A
HDMIMATRIX_XB1_CR = sw%20i03%20o03%0D%0A
HDMIMATRIX_XB360_CR = sw%20i04%20o03%0D%0A
HDMIMATRIX_SKY1_CR = sw%20i05%20o03%0D%0A
HDMIMATRIX_SKY2_CR = sw%20i06%20o03%0D%0A
HDMIMATRIX_KODI_CR = sw%20i07%20o03%0D%0A
HDMIMATRIX_WIIU_CR = sw%20i08%20o03%0D%0A

#Katies Room Commands
HDMIMATRIX_ATV_KR = sw%20i01%20o04%0D%0A
HDMIMATRIX_PS4_KR = sw%20i02%20o04%0D%0A
HDMIMATRIX_XB1_KR = sw%20i03%20o04%0D%0A
HDMIMATRIX_XB360_KR = sw%20i04%20o04%0D%0A
HDMIMATRIX_SKY1_KR = sw%20i05%20o04%0D%0A
HDMIMATRIX_SKY2_KR = sw%20i06%20o04%0D%0A
HDMIMATRIX_KODI_KR = sw%20i07%20o04%0D%0A
HDMIMATRIX_WIIU_KR = sw%20i08%20o04%0D%0A

#Kitchen Commands
HDMIMATRIX_ATV_KI = sw%20i01%20o05%0D%0A
HDMIMATRIX_PS4_KI = sw%20i02%20o05%0D%0A
HDMIMATRIX_XB1_KI = sw%20i03%20o05%0D%0A
HDMIMATRIX_XB360_KI = sw%20i04%20o05%0D%0A
HDMIMATRIX_SKY1_KI = sw%20i05%20o05%0D%0A
HDMIMATRIX_SKY2_KI = sw%20i06%20o05%0D%0A
HDMIMATRIX_KODI_KI = sw%20i07%20o05%0D%0A
HDMIMATRIX_WIIU_KI = sw%20i08%20o05%0D%0A

#Office Commands
HDMIMATRIX_ATV_OF = sw%20i01%20o06%0D%0A
HDMIMATRIX_PS4_OF = sw%20i02%20o06%0D%0A
HDMIMATRIX_XB1_OF = sw%20i03%20o06%0D%0A
HDMIMATRIX_XB360_OF = sw%20i04%20o06%0D%0A
HDMIMATRIX_SKY1_OF = sw%20i05%20o06%0D%0A
HDMIMATRIX_SKY2_OF = sw%20i06%20o06%0D%0A
HDMIMATRIX_KODI_OF = sw%20i07%20o06%0D%0A
HDMIMATRIX_WIIU_OF = sw%20i08%20o06%0D%0A

#Home Cinema Room Commands
HDMIMATRIX_ATV_HC = sw%20i01%20o07%0D%0A
HDMIMATRIX_PS4_HC = sw%20i02%20o07%0D%0A
HDMIMATRIX_XB1_HC = sw%20i03%20o07%0D%0A
HDMIMATRIX_XB360_HC = sw%20i04%20o07%0D%0A
HDMIMATRIX_SKY1_HC = sw%20i05%20o07%0D%0A
HDMIMATRIX_SKY2_HC = sw%20i06%20o07%0D%0A
HDMIMATRIX_KODI_HC = sw%20i07%20o07%0D%0A
HDMIMATRIX_WIIU_HC = sw%20i08%20o07%0D%0A

#Bathroom Commands
HDMIMATRIX_ATV_BR = sw%20i01%20o08%0D%0A
HDMIMATRIX_PS4_BR = sw%20i02%20o08%0D%0A
HDMIMATRIX_XB1_BR = sw%20i03%20o08%0D%0A
HDMIMATRIX_XB360_BR = sw%20i04%20o08%0D%0A
HDMIMATRIX_SKY1_BR = sw%20i05%20o08%0D%0A
HDMIMATRIX_SKY2_BR = sw%20i06%20o08%0D%0A
HDMIMATRIX_KODI_BR = sw%20i07%20o08%0D%0A
HDMIMATRIX_WIIU_BR = sw%20i08%20o08%0D%0A






